// Jest Snapshot v1, https://goo.gl/fbAQLP

exports[`Render Home Components correctly  renders correctly 1`] = `
<RCTScrollView
  style={
    {
      "flex": 1,
    }
  }
>
  <View>
    <View
      style={
        {
          "alignItems": "center",
          "flex": 1,
          "justifyContent": "center",
          "marginTop": 10,
        }
      }
    >
      <Text
        onPress={[Function]}
        testID="HomePress"
      >
        Home Screen
      </Text>
      <View
        accessibilityRole="button"
        accessibilityState={
          {
            "busy": undefined,
            "checked": undefined,
            "disabled": undefined,
            "expanded": undefined,
            "selected": undefined,
          }
        }
        accessibilityValue={
          {
            "max": undefined,
            "min": undefined,
            "now": undefined,
            "text": undefined,
          }
        }
        accessible={true}
        collapsable={false}
        focusable={true}
        onClick={[Function]}
        onResponderGrant={[Function]}
        onResponderMove={[Function]}
        onResponderRelease={[Function]}
        onResponderTerminate={[Function]}
        onResponderTerminationRequest={[Function]}
        onStartShouldSetResponder={[Function]}
        style={
          {
            "opacity": 1,
          }
        }
        testID="reduxBtn"
      >
        <View
          style={
            [
              {},
            ]
          }
        >
          <Text
            style={
              [
                {
                  "color": "#007AFF",
                  "fontSize": 18,
                  "margin": 8,
                  "textAlign": "center",
                },
              ]
            }
          >
            Redux Example
          </Text>
        </View>
      </View>
      <View
        accessibilityRole="button"
        accessibilityState={
          {
            "busy": undefined,
            "checked": undefined,
            "disabled": undefined,
            "expanded": undefined,
            "selected": undefined,
          }
        }
        accessibilityValue={
          {
            "max": undefined,
            "min": undefined,
            "now": undefined,
            "text": undefined,
          }
        }
        accessible={true}
        collapsable={false}
        focusable={true}
        onClick={[Function]}
        onResponderGrant={[Function]}
        onResponderMove={[Function]}
        onResponderRelease={[Function]}
        onResponderTerminate={[Function]}
        onResponderTerminationRequest={[Function]}
        onStartShouldSetResponder={[Function]}
        style={
          {
            "opacity": 1,
          }
        }
        testID="sagaBtn"
      >
        <View
          style={
            [
              {},
            ]
          }
        >
          <Text
            style={
              [
                {
                  "color": "#007AFF",
                  "fontSize": 18,
                  "margin": 8,
                  "textAlign": "center",
                },
              ]
            }
          >
            ReduxSaga Example
          </Text>
        </View>
      </View>
      <TextInput
        keyboardType="number-pad"
        onChangeText={[Function]}
        placeholder="Enter a Value"
        style={
          {
            "borderColor": "black",
            "borderWidth": 1,
            "margin": 16,
            "minWidth": 80,
            "padding": 8,
          }
        }
        testID="InputField"
      />
      <Text>
        Value Entered is 
      </Text>
    </View>
  </View>
</RCTScrollView>
`;
